// Vitest Snapshot v1, https://vitest.dev/guide/snapshot.html


exports[`is displayed correctly for multiple 1`] = `"<div><div class="form svelte-rxt29k"><div class="form-heading">Edit Multiple Transactions</div> <!----> <div class="entries svelte-rxt29k"><table class="svelte-rxt29k"><tbody><tr class="svelte-rxt29k"><td class="svelte-rxt29k"><div class="heading">Date</div></td><td class="svelte-rxt29k"><div class="heading">Description</div></td><td class="svelte-rxt29k"><div class="heading">Amount</div></td><td class="svelte-rxt29k"></td><td class="svelte-rxt29k"></td></tr><tr class="svelte-rxt29k"><td class="svelte-rxt29k"><div class="date-input svelte-rxt29k"><div class="date-time-field  svelte-1vabmef"><input type="text" autocomplete="off" placeholder="" disabled="" class="svelte-1vabmef"> <!----></div><!----></div></td><td class="svelte-rxt29k"><input id="desc" class="description-input svelte-rxt29k"></td><td class="money svelte-rxt29k"><input id="amount" disabled="disabled" class="money-input svelte-rxt29k"></td></tr></tbody></table></div> <div class="form-row2 svelte-rxt29k"><div class="widget svelte-vv6jek"><label for="itemSelect" class="svelte-vv6jek">Debit</label><!----> <select name="itemSelect" class="svelte-vv6jek flat"><option value="">None</option><!----><!----><option value="[object Object]">Account 1</option><!----><option value="[object Object]">Account 2</option><!----><option value="[object Object]">Account 3</option><!----></select></div><!----> <div class="widget svelte-vv6jek"><label for="itemSelect" class="svelte-vv6jek">Credit</label><!----> <select name="itemSelect" class="svelte-vv6jek flat"><option value="">None</option><!----><!----><option value="[object Object]">Account 1</option><!----><option value="[object Object]">Account 2</option><!----><option value="[object Object]">Account 3</option><!----></select></div><!----></div><!----> <!----> <div class="form-button-row svelte-rxt29k"><div class="widget2 buttons-left svelte-rxt29k"><input id="compound" type="checkbox" class="svelte-rxt29k"> <label for="compound" class="svelte-rxt29k">Compound entry</label></div> <div class="widget2 buttons-left svelte-rxt29k"><input id="recorded" type="checkbox" disabled="disabled" class="svelte-rxt29k"> <label for="recorded" class="svelte-rxt29k">Recorded</label></div> <div class="widget buttons svelte-rxt29k"><button class="svelte-rxt29k">Close</button> <button class="svelte-rxt29k">Update</button></div></div> <div class="widget errors svelte-rxt29k"><!----> <!----></div></div> <div class="section-heading svelte-rxt29k"><div class="form-heading">Selected Transactions</div></div> <div class="scroller svelte-rxt29k" id="scroller"><table class="svelte-rxt29k"><tbody><tr class="svelte-rxt29k"><th class="svelte-rxt29k"></th><th class="justify-left svelte-rxt29k">Date</th><th class="justify-left svelte-rxt29k">Description</th><th class="svelte-rxt29k">Debit</th><th class="svelte-rxt29k">Credit</th></tr><tr style="height: 8px;" class="svelte-rxt29k"></tr> <tr class="svelte-rxt29k" id="066374b6-9849-4d8c-ad7c-ba955aa216ab_d1e64ee6-2e28-4045-9f68-2be890b21426"><td class="svelte-rxt29k"><input type="checkbox" class="svelte-rxt29k" disabled="" id="selected_066374b6-9849-4d8c-ad7c-ba955aa216ab"></td><td class=" align_right svelte-rxt29k">1/21/2023</td><td class="svelte-rxt29k" style="" title="A test transaction"><div class="description svelte-rxt29k">Account 1</div> <div class="description tiny svelte-rxt29k">A test transaction</div></td><td class=" money svelte-rxt29k">200.00</td><td class=" money svelte-rxt29k"></td></tr><tr class="svelte-rxt29k" id="066374b6-9849-4d8c-ad7c-ba955aa216ab_0cec7850-c524-4602-b1f7-514d4270dcd0"><td class="svelte-rxt29k"><input type="checkbox" class="svelte-rxt29k" disabled="" id="selected_066374b6-9849-4d8c-ad7c-ba955aa216ab"></td><td class=" align_right svelte-rxt29k">1/21/2023</td><td class="svelte-rxt29k" style="padding-left: 30px;" title="A test transaction"><div class="description svelte-rxt29k">Account 2</div> <div class="description tiny svelte-rxt29k">A test transaction</div></td><td class=" money svelte-rxt29k"></td><td class=" money svelte-rxt29k">200.00</td></tr><!----><tr style="height: 8px;" class="svelte-rxt29k"></tr> <tr class="svelte-rxt29k" id="6fbc1081-5bc8-42e4-b085-6354d12eb30f_6c5dc254-6992-49a2-a094-5c6e708df8d4"><td class="svelte-rxt29k"><input type="checkbox" class="svelte-rxt29k" disabled="" id="selected_6fbc1081-5bc8-42e4-b085-6354d12eb30f"></td><td class=" align_right svelte-rxt29k">1/21/2023</td><td class="svelte-rxt29k" style="" title="A test compound transaction"><div class="description svelte-rxt29k">Account 1</div> <div class="description tiny svelte-rxt29k">A test compound transaction</div></td><td class=" money svelte-rxt29k">200.00</td><td class=" money svelte-rxt29k"></td></tr><tr class="svelte-rxt29k" id="6fbc1081-5bc8-42e4-b085-6354d12eb30f_0a81a492-913c-4835-93c3-c3be08b7f7a0"><td class="svelte-rxt29k"><input type="checkbox" class="svelte-rxt29k" disabled="" id="selected_6fbc1081-5bc8-42e4-b085-6354d12eb30f"></td><td class=" align_right svelte-rxt29k">1/21/2023</td><td class="svelte-rxt29k" style="padding-left: 30px;" title="A test compound transaction"><div class="description svelte-rxt29k">Account 2</div> <div class="description tiny svelte-rxt29k">A test compound transaction</div></td><td class=" money svelte-rxt29k"></td><td class=" money svelte-rxt29k">150.00</td></tr><tr class="svelte-rxt29k" id="6fbc1081-5bc8-42e4-b085-6354d12eb30f_bec38c2a-895c-4bec-88e4-8acadcde7045"><td class="svelte-rxt29k"><input type="checkbox" class="svelte-rxt29k" disabled="" id="selected_6fbc1081-5bc8-42e4-b085-6354d12eb30f"></td><td class=" align_right svelte-rxt29k">1/21/2023</td><td class="svelte-rxt29k" style="padding-left: 30px;" title="A test compound transaction"><div class="description svelte-rxt29k">Account 2</div> <div class="description tiny svelte-rxt29k">A test compound transaction</div></td><td class=" money svelte-rxt29k"></td><td class=" money svelte-rxt29k">50.00</td></tr><!----><!----></tbody></table></div></div>"`;
