// Jest Snapshot v1, https://goo.gl/fbAQLP

exports[`is displayed correctly for NEW 1`] = `"<body><div><div class="form svelte-1wedm6v"><div class="form-heading">New Transaction</div> <div class="toolbar svelte-1wedm6v"><div class="toolbar-icon" title="Schedule"></div> <div class="toolbar-icon" title="Delete account"></div></div> <div class="entries svelte-1wedm6v"><table class="svelte-1wedm6v"><tr class="svelte-1wedm6v"><td class="svelte-1wedm6v"><div class="heading">Date</div></td><td class="svelte-1wedm6v"><div class="heading">Description</div></td><td class="svelte-1wedm6v"><div class="heading">Amount</div></td><td class="svelte-1wedm6v"></td><td class="svelte-1wedm6v"></td></tr> <tr class="svelte-1wedm6v"><td class="svelte-1wedm6v"><div class="date-input svelte-1wedm6v"><div class="date-time-field  svelte-1bsxr9h"><input type="text" placeholder="" class="svelte-1bsxr9h"> </div></div></td> <td class="description svelte-1wedm6v"><input id="desc" class="description-input svelte-1wedm6v"></td> <td class="money svelte-1wedm6v"><input id="amount" class="money-input svelte-1wedm6v"></td></tr></table></div> <div class="form-row2 svelte-1wedm6v"><div class="widget svelte-vv6jek"><label for="itemSelect" class="svelte-vv6jek">Debit</label> <select name="itemSelect" class="svelte-vv6jek flat"><option value="null">None</option><option value="[object Object]">Account 1</option><option value="[object Object]">Account 2</option><option value="[object Object]">Account 3</option></select></div> <div class="widget svelte-vv6jek"><label for="itemSelect" class="svelte-vv6jek">Credit</label> <select name="itemSelect" class="svelte-vv6jek flat"><option value="null">None</option><option value="[object Object]">Account 1</option><option value="[object Object]">Account 2</option><option value="[object Object]">Account 3</option></select></div> </div>  <div class="form-button-row svelte-1wedm6v"><div class="widget2 buttons-left svelte-1wedm6v"><input id="compound" type="checkbox" class="svelte-1wedm6v"> <label for="compound" class="svelte-1wedm6v">Compound entry</label></div> <div class="widget2 buttons-left svelte-1wedm6v"><input id="compound" type="checkbox" class="svelte-1wedm6v"> <label for="compound" class="svelte-1wedm6v">Recorded</label></div> <div class="widget buttons svelte-1wedm6v"><button class="svelte-1wedm6v">Close</button> <button class="svelte-1wedm6v">Add</button></div> <div class="widget errors svelte-1wedm6v"> </div></div></div></div></body>"`;

exports[`is displayed correctly for compound EDIT 1`] = `"<body><div><div class="form svelte-1wedm6v"><div class="form-heading">Edit Transaction</div> <div class="toolbar svelte-1wedm6v"><div class="toolbar-icon" title="Schedule"></div> <div class="toolbar-icon" title="Delete account"></div></div>  <div class="entries svelte-1wedm6v"><table class="svelte-1wedm6v"><tr class="svelte-1wedm6v"><td class="svelte-1wedm6v"><div class="heading">Date</div></td><td class="svelte-1wedm6v"><div class="heading">Description</div></td><td class="svelte-1wedm6v"><div class="heading">Amount</div></td><td class="svelte-1wedm6v"><div class="heading">Debit</div></td><td class="svelte-1wedm6v"><div class="heading">Credit</div></td></tr> <tr class="svelte-1wedm6v"><td class="svelte-1wedm6v"><div class="date-input svelte-1wedm6v"><div class="date-time-field  svelte-1bsxr9h"><input type="text" placeholder="" class="svelte-1bsxr9h"> </div></div></td> <td class="description svelte-1wedm6v"><input id="desc" class="description-input-2 svelte-1wedm6v"></td> <td class="svelte-1wedm6v"><div class="select-adjust svelte-1wedm6v"><div class="widgetNoLabel svelte-vv6jek"> <select name="itemSelect" class="svelte-vv6jek flat"><option value="[object Object]">Account 1</option><option value="[object Object]">Account 2</option><option value="[object Object]">Account 3</option></select></div></div></td> <td class="money svelte-1wedm6v"><input id="amount" class="money-input svelte-1wedm6v"> </td> <td class="money svelte-1wedm6v"> <input id="amount" class="money-input disabled svelte-1wedm6v" disabled=""></td></tr><tr class="svelte-1wedm6v"><td class="svelte-1wedm6v"><div class="date-input svelte-1wedm6v"><div class="date-time-field  svelte-1bsxr9h"><input type="text" placeholder="" class="svelte-1bsxr9h"> </div></div></td> <td class="description svelte-1wedm6v"><input id="desc" class="description-input-2 svelte-1wedm6v"></td> <td class="svelte-1wedm6v"><div class="select-adjust svelte-1wedm6v"><div class="widgetNoLabel svelte-vv6jek"> <select name="itemSelect" class="svelte-vv6jek flat"><option value="[object Object]">Account 1</option><option value="[object Object]">Account 2</option><option value="[object Object]">Account 3</option></select></div></div></td> <td class="money svelte-1wedm6v"> <input id="amount" class="money-input disabled svelte-1wedm6v" disabled=""></td> <td class="money svelte-1wedm6v"><input id="amount" class="money-input svelte-1wedm6v"> </td></tr><tr class="svelte-1wedm6v"><td class="svelte-1wedm6v"><div class="date-input svelte-1wedm6v"><div class="date-time-field  svelte-1bsxr9h"><input type="text" placeholder="" class="svelte-1bsxr9h"> </div></div></td> <td class="description svelte-1wedm6v"><input id="desc" class="description-input-2 svelte-1wedm6v"></td> <td class="svelte-1wedm6v"><div class="select-adjust svelte-1wedm6v"><div class="widgetNoLabel svelte-vv6jek"> <select name="itemSelect" class="svelte-vv6jek flat"><option value="[object Object]">Account 1</option><option value="[object Object]">Account 2</option><option value="[object Object]">Account 3</option></select></div></div></td> <td class="money svelte-1wedm6v"> <input id="amount" class="money-input disabled svelte-1wedm6v" disabled=""></td> <td class="money svelte-1wedm6v"><input id="amount" class="money-input svelte-1wedm6v"> </td></tr> <tr class="svelte-1wedm6v"><td class="svelte-1wedm6v"><div class="toolbar bottom-toolbar svelte-1wedm6v"><div class="toolbar-icon svelte-1wedm6v" title="Add row"></div> <div class="toolbar-icon svelte-1wedm6v" title="Remove row"></div></div></td> <td class="svelte-1wedm6v"></td> <td class="svelte-1wedm6v"><div class="total svelte-1wedm6v">Totals</div></td> <td class="money svelte-1wedm6v"><input id="amount" class="money-input svelte-1wedm6v" disabled=""></td> <td class="money svelte-1wedm6v"><input id="amount" class="money-input svelte-1wedm6v" disabled=""></td></tr></table></div> <div class="form-button-row svelte-1wedm6v"><div class="widget2 buttons-left svelte-1wedm6v"><input id="compound" type="checkbox" disabled="" class="svelte-1wedm6v"> <label for="compound" class="svelte-1wedm6v">Compound entry</label></div> <div class="widget2 buttons-left svelte-1wedm6v"><input id="compound" type="checkbox" class="svelte-1wedm6v"> <label for="compound" class="svelte-1wedm6v">Recorded</label></div> <div class="widget buttons svelte-1wedm6v"><button class="svelte-1wedm6v">Close</button> <button class="svelte-1wedm6v">Update</button></div> <div class="widget errors svelte-1wedm6v"> </div></div></div></div></body>"`;

exports[`is displayed correctly for simple EDIT 1`] = `"<body><div><div class="form svelte-1wedm6v"><div class="form-heading">Edit Transaction</div> <div class="toolbar svelte-1wedm6v"><div class="toolbar-icon" title="Schedule"></div> <div class="toolbar-icon" title="Delete account"></div></div> <div class="entries svelte-1wedm6v"><table class="svelte-1wedm6v"><tr class="svelte-1wedm6v"><td class="svelte-1wedm6v"><div class="heading">Date</div></td><td class="svelte-1wedm6v"><div class="heading">Description</div></td><td class="svelte-1wedm6v"><div class="heading">Amount</div></td><td class="svelte-1wedm6v"></td><td class="svelte-1wedm6v"></td></tr> <tr class="svelte-1wedm6v"><td class="svelte-1wedm6v"><div class="date-input svelte-1wedm6v"><div class="date-time-field  svelte-1bsxr9h"><input type="text" placeholder="" class="svelte-1bsxr9h"> </div></div></td> <td class="description svelte-1wedm6v"><input id="desc" class="description-input svelte-1wedm6v"></td> <td class="money svelte-1wedm6v"><input id="amount" class="money-input svelte-1wedm6v"></td></tr></table></div> <div class="form-row2 svelte-1wedm6v"><div class="widget svelte-vv6jek"><label for="itemSelect" class="svelte-vv6jek">Debit</label> <select name="itemSelect" class="svelte-vv6jek flat"><option value="null">None</option><option value="[object Object]">Account 1</option><option value="[object Object]">Account 2</option><option value="[object Object]">Account 3</option></select></div> <div class="widget svelte-vv6jek"><label for="itemSelect" class="svelte-vv6jek">Credit</label> <select name="itemSelect" class="svelte-vv6jek flat"><option value="null">None</option><option value="[object Object]">Account 1</option><option value="[object Object]">Account 2</option><option value="[object Object]">Account 3</option></select></div> </div>  <div class="form-button-row svelte-1wedm6v"><div class="widget2 buttons-left svelte-1wedm6v"><input id="compound" type="checkbox" class="svelte-1wedm6v"> <label for="compound" class="svelte-1wedm6v">Compound entry</label></div> <div class="widget2 buttons-left svelte-1wedm6v"><input id="compound" type="checkbox" class="svelte-1wedm6v"> <label for="compound" class="svelte-1wedm6v">Recorded</label></div> <div class="widget buttons svelte-1wedm6v"><button class="svelte-1wedm6v">Close</button> <button class="svelte-1wedm6v">Update</button></div> <div class="widget errors svelte-1wedm6v"> </div></div></div></div></body>"`;
