// Vitest Snapshot v1, https://vitest.dev/guide/snapshot.html

exports[`is displayed correctly 1`] = `"<div><div class="account-heading"><div class="toolbar svelte-wfwt0p"><div class="toolbar-icon svelte-wfwt0p" title="Create a new schedule"></div></div> <div class="form-heading">Schedules</div></div>  <div class="controls svelte-wfwt0p"><div class="form-row2 svelte-wfwt0p"><div class="widget svelte-wfwt0p"><div class="label label-column svelte-wfwt0p">Schedule until </div><div class="date-input field svelte-wfwt0p"><input type="date" class="svelte-wfwt0p"></div></div></div></div> <div class="scroller svelte-wfwt0p"> <div class="card svelte-wfwt0p"><div class="row svelte-wfwt0p"><div class="widget svelte-wfwt0p"><div class="description svelte-wfwt0p">Test Schedule 1</div></div></div> <hr class="svelte-wfwt0p"> <div class="row svelte-wfwt0p"><div class="widget schedule-entries svelte-wfwt0p"><table><tr><td>Account 2</td> <td><div class="money svelte-wfwt0p">200.00</div></td> <td></td> </tr><tr><td>Account 1</td> <td></td> <td><div class="money svelte-wfwt0p">200.00</div></td> </tr></table></div></div> <div class="row svelte-wfwt0p"><div class="widget svelte-wfwt0p"><div class="label svelte-wfwt0p">Last</div> <div class="account svelte-wfwt0p">-</div></div></div> </div><div class="card svelte-wfwt0p"><div class="row svelte-wfwt0p"><div class="widget svelte-wfwt0p"><div class="description svelte-wfwt0p">Test Schedule 2</div></div></div> <hr class="svelte-wfwt0p"> <div class="row svelte-wfwt0p"><div class="widget schedule-entries svelte-wfwt0p"><table><tr><td>Account 1</td> <td><div class="money svelte-wfwt0p">50.00</div></td> <td></td> </tr><tr><td>Account 2</td> <td></td> <td><div class="money svelte-wfwt0p">50.00</div></td> </tr></table></div></div> <div class="row svelte-wfwt0p"><div class="widget svelte-wfwt0p"><div class="label svelte-wfwt0p">Last</div> <div class="account svelte-wfwt0p">-</div></div></div> </div></div></div>"`;
