// Jest Snapshot v1, https://goo.gl/fbAQLP

exports[`is displayed correctly 1`] = `"<body><div><div class=\\"account-heading\\"><div class=\\"widgetNoLabel svelte-vv6jek\\"> <select name=\\"itemSelect\\" class=\\"svelte-vv6jek flat\\"><option value=\\"[object Object]\\">Account 1</option><option value=\\"[object Object]\\">Account 2</option><option value=\\"[object Object]\\">Account 3</option></select></div> <div class=\\"toolbar svelte-1qkpc1v\\"><div class=\\"toolbar-icon import-icon svelte-1qkpc1v\\" title=\\"Import transactions\\"></div> <div class=\\"toolbar-icon svelte-1qkpc1v\\" title=\\"Add a transaction\\"></div></div></div>  <div class=\\"widget errors\\"> </div> <div class=\\"scroller svelte-1qkpc1v\\"><table class=\\"svelte-1qkpc1v\\"><tr><th class=\\"justify-left svelte-1qkpc1v\\">Date</th><th class=\\"justify-left svelte-1qkpc1v\\">Description</th><th class=\\"svelte-1qkpc1v\\">Debit</th><th class=\\"svelte-1qkpc1v\\">Credit</th><th class=\\"svelte-1qkpc1v\\">Balance</th></tr> <tr class=\\"svelte-1qkpc1v\\"><td class=\\"svelte-1qkpc1v\\">2023-01-21</td> <td title=\\"A test transaction\\" class=\\"svelte-1qkpc1v\\"><div class=\\"description svelte-1qkpc1v\\">A test transaction</div></td> <td class=\\"money svelte-1qkpc1v\\">200.00</td> <td class=\\"money svelte-1qkpc1v\\"></td> <td class=\\"money svelte-1qkpc1v\\">200.00</td> </tr><tr class=\\"svelte-1qkpc1v\\"><td class=\\"svelte-1qkpc1v\\">2023-01-21</td> <td title=\\"A test compound transaction\\" class=\\"svelte-1qkpc1v\\"><div class=\\"description svelte-1qkpc1v\\">A test compound transaction</div></td> <td class=\\"money svelte-1qkpc1v\\">200.00</td> <td class=\\"money svelte-1qkpc1v\\"></td> <td class=\\"money svelte-1qkpc1v\\">400.00</td> </tr></table> </div></div></body>"`;
